java/lang/EnumConstantNotPresentException::EnumConstantNotPresentException(Ljava/lang/Class;Ljava/lang/String;)
java/lang/Object::notify()
java/lang/Object::notifyAll()
java/lang/Object::toString()
java/lang/Object::wait()
java/lang/Object::wait(J)
java/lang/Object::wait(JI)
java/lang/RuntimeException::RuntimeException(Ljava/lang/String;Ljava/lang/Throwable;)
java/lang/RuntimeException::RuntimeException(Ljava/lang/Throwable;)
java/lang/RuntimeException::setStackTrace([Ljava/lang/StackTraceElement;)
java/lang/String::String([BIILjava/lang/String;)
java/lang/String::String([BLjava/lang/String;)
java/lang/String::format(Ljava/lang/String;[Ljava/lang/Object;)
java/lang/String::format(Ljava/util/Locale;Ljava/lang/String;[Ljava/lang/Object;)
java/lang/String::getBytes(Ljava/lang/String;)
java/lang/String::join(Ljava/lang/CharSequence;[Ljava/lang/CharSequence;)
java/lang/System::currentTimeMillis()
java/lang/System::exit(I)
java/lang/System::getProperties()
java/lang/System::getProperty(Ljava/lang/String;)
java/lang/System::getProperty(Ljava/lang/String;Ljava/lang/String;)
java/lang/System::getenv()
java/lang/System::getenv(Ljava/lang/String;)
java/lang/System::inheritedChannel()
java/lang/System::lineSeparator()
java/lang/System::load(Ljava/lang/String;)
java/lang/System::loadLibrary(Ljava/lang/String;)
java/lang/System::mapLibraryName(Ljava/lang/String;)
java/lang/System::nanoTime()
java/lang/annotation/IncompleteAnnotationException::IncompleteAnnotationException(Ljava/lang/Class;Ljava/lang/String;)
java/util/AbstractSet::toString()
java/util/HashSet::toString()
